Testing snap tap compilation...
